Mplus VERSION 8.11 (Mac)
MUTHEN & MUTHEN
05/03/2025  12:55 PM

INPUT INSTRUCTIONS

  TITLE:    Growth of Factors MLM
  DATA:     FILE = cesdlongk.dat ;
            VARIANCES = NOCHECK ; ! this is critical b/c of k
  VARIABLE: NAMES = id td female agec70 y1 y2 y3 y4 y5 y6 k ;
            MISSING = . ;
            WITHIN = td k ;
            BETWEEN = agec70 female ;
            CLUSTER = id ;
  ANALYSIS: TYPE = TWOLEVEL RANDOM ;
  MODEL:    %WITHIN%
              fw BY y1@0.51150 (l1);
              fw by y2-y6* (l2-l6);
              s | fw on td ; ! random slope with respect to td
              i | fw on k ; ! random intercept (constant)
            %BETWEEN%
              i s on agec70 female ;
              i with s ;
              y1-y6@0 ; ! force all residual variance to within or i, s
              [y1@1.35775]; ! needed for identification of intercept(i)
              [y2-y6*];




*** WARNING
  One or more individual-level variables have no variation within a
  cluster for the following clusters.

     Variable   Cluster IDs with no within-cluster variation

      Y1          154 319 484 815 1046 1528 1791 2164 2451 557 98
      Y2          687 793 1071 1618 1669 2096 2104 2369 557 2205
      Y3          154 2369
      Y4          154 319 484 605 815 1012 1046 1528 1786 1849 2549 557 98
      Y5          154 223 319 484 1046 1528 1741 2164 2451 2528 2557 557 886 98
      Y6          29 67 143 154 239 341 360 373 448 510 553 605 687 707 933 938 979 1046 1115
                  1191 1282 1381 1406 1417 1479 1667 1687 1742 1756 1762 1764 1786 1809 1878 1895
                  1956 1987 2012 2096 2266 2292 2369 2375 2404 2428 2496 2523 2528 2756 557 802
                  2205 50 444 1783 905 952 1994 2452 180 2576 1325 1342

   1 WARNING(S) FOUND IN THE INPUT INSTRUCTIONS



Growth of Factors MLM

SUMMARY OF ANALYSIS

Number of groups                                                 1
Number of observations                                        6165

Number of dependent variables                                    6
Number of independent variables                                  4
Number of continuous latent variables                            3

Observed dependent variables

  Continuous
   Y1          Y2          Y3          Y4          Y5          Y6

Observed independent variables
   TD          FEMALE      AGEC70      K

Continuous latent variables
   FW          S           I

Variables with special functions

  Cluster variable      ID

  Within variables
   TD          K

  Between variables
   FEMALE      AGEC70


Estimator                                                      MLR
Information matrix                                        OBSERVED
Maximum number of iterations                                   100
Convergence criterion                                    0.100D-05
Maximum number of EM iterations                                500
Convergence criteria for the EM algorithm
  Loglikelihood change                                   0.100D-02
  Relative loglikelihood change                          0.100D-05
  Derivative                                             0.100D-03
Minimum variance                                         0.100D-03
Maximum number of steepest descent iterations                   20
Maximum number of iterations for H1                           2000
Convergence criterion for H1                             0.100D-03
Optimization algorithm                                         EMA

Input data file(s)
  cesdlongk.dat
Input data format  FREE


SUMMARY OF DATA

     Number of missing data patterns            32
     Number of clusters                       2762



COVARIANCE COVERAGE OF DATA

Minimum covariance coverage value   0.100


     PROPORTION OF DATA PRESENT


           Covariance Coverage
              Y1            Y2            Y3            Y4            Y5
              ________      ________      ________      ________      ________
 Y1             0.993
 Y2             0.984         0.991
 Y3             0.989         0.986         0.994
 Y4             0.982         0.977         0.981         0.985
 Y5             0.981         0.976         0.981         0.975         0.983
 Y6             0.920         0.918         0.921         0.915         0.913
 TD             0.993         0.991         0.994         0.985         0.983
 K              0.993         0.991         0.994         0.985         0.983
 FEMALE         0.993         0.991         0.994         0.985         0.983
 AGEC70         0.993         0.991         0.994         0.985         0.983


           Covariance Coverage
              Y6            TD            K             FEMALE        AGEC70
              ________      ________      ________      ________      ________
 Y6             0.923
 TD             0.923         1.000
 K              0.923         1.000         1.000
 FEMALE         0.923         1.000         1.000         1.000
 AGEC70         0.923         1.000         1.000         1.000         1.000



UNIVARIATE SAMPLE STATISTICS


     UNIVARIATE HIGHER-ORDER MOMENT DESCRIPTIVE STATISTICS

         Variable/         Mean/     Skewness/   Minimum/ % with                Percentiles
        Sample Size      Variance    Kurtosis    Maximum  Min/Max      20%/60%    40%/80%    Median

     Y1                    1.472       1.794       1.000   64.36%       1.000      1.000      1.000
            6119.000       0.564       3.045       4.000    4.13%       1.000      2.000
     Y2                    1.353       2.330       1.000   76.49%       1.000      1.000      1.000
            6109.000       0.552       4.888       4.000    4.35%       1.000      2.000
     Y3                    1.522       1.704       1.000   63.41%       1.000      1.000      1.000
            6130.000       0.676       2.312       4.000    5.76%       1.000      2.000
     Y4                    1.697       1.058       1.000   63.05%       1.000      1.000      1.000
            6071.000       1.009      -0.352       4.000    7.15%       1.000      3.000
     Y5                    1.543       1.474       1.000   71.24%       1.000      1.000      1.000
            6063.000       0.885       0.751       4.000    6.28%       1.000      2.000
     Y6                    1.944       0.721       1.000   56.44%       1.000      1.000      1.000
            5693.000       1.412      -1.136       4.000   17.13%       2.000      3.000
     TD                    0.236       0.395       0.000   44.25%       0.000      0.000      0.300
            6165.000       0.057      -1.306       0.600   23.07%       0.300      0.600
     K                     1.000       0.000       1.000  100.00%       1.000      1.000      1.000
            6165.000       0.000       0.000       1.000  100.00%       1.000      1.000
     FEMALE                0.584      -0.342       0.000   41.56%       0.000      0.000      1.000
            2762.000       0.243      -1.883       1.000   58.44%       1.000      1.000
     AGEC70                0.364       0.673      -0.300   34.65%      -0.300      0.200      0.200
            2762.000       0.419      -0.681       1.700    8.76%       0.200      1.200


     WARNING:  THE SAMPLE VARIANCE OF K IS  0.000.


THE MODEL ESTIMATION TERMINATED NORMALLY



MODEL FIT INFORMATION

Number of Free Parameters                       26

Loglikelihood

          H0 Value                      -42123.918
          H0 Scaling Correction Factor      1.6585
            for MLR

Information Criteria

          Akaike (AIC)                   84299.835
          Bayesian (BIC)                 84474.728
          Sample-Size Adjusted BIC       84392.107
            (n* = (n + 2) / 24)



MODEL RESULTS

                                                    Two-Tailed
                    Estimate       S.E.  Est./S.E.    P-Value

Within Level

 FW       BY
    Y1                 0.512      0.000    999.000    999.000
    Y2                 0.504      0.015     33.521      0.000
    Y3                 0.608      0.016     38.118      0.000
    Y4                 0.606      0.023     26.600      0.000
    Y5                 0.554      0.022     24.956      0.000
    Y6                 0.413      0.023     17.916      0.000

 Residual Variances
    Y1                 0.287      0.011     25.740      0.000
    Y2                 0.283      0.012     23.964      0.000
    Y3                 0.283      0.013     21.314      0.000
    Y4                 0.619      0.019     31.867      0.000
    Y5                 0.562      0.019     29.718      0.000
    Y6                 1.232      0.022     55.136      0.000
    FW                 0.527      0.046     11.351      0.000

Between Level

 I          ON
    AGEC70             0.103      0.033      3.100      0.002
    FEMALE             0.263      0.041      6.396      0.000

 S          ON
    AGEC70             0.206      0.095      2.166      0.030
    FEMALE             0.039      0.100      0.393      0.695

 I        WITH
    S                  0.000      0.101     -0.002      0.999

 Means
    Y1                 1.358      0.000    999.000    999.000
    Y2                 1.240      0.008    150.954      0.000
    Y3                 1.384      0.010    145.026      0.000
    Y4                 1.561      0.014    114.172      0.000
    Y5                 1.421      0.012    117.583      0.000
    Y6                 1.854      0.017    107.374      0.000

 Intercepts
    S                  0.184      0.074      2.478      0.013
    I                 -0.005      0.031     -0.145      0.885

 Variances
    Y1                 0.000      0.000    999.000    999.000
    Y2                 0.000      0.000    999.000    999.000
    Y3                 0.000      0.000    999.000    999.000
    Y4                 0.000      0.000    999.000    999.000
    Y5                 0.000      0.000    999.000    999.000
    Y6                 0.000      0.000    999.000    999.000

 Residual Variances
    S                  0.178      0.296      0.602      0.547
    I                  0.500      0.058      8.671      0.000


QUALITY OF NUMERICAL RESULTS

     Condition Number for the Information Matrix              0.369E-05
       (ratio of smallest to largest eigenvalue)


     Beginning Time:  12:55:17
        Ending Time:  12:55:18
       Elapsed Time:  00:00:01



MUTHEN & MUTHEN
3463 Stoner Ave.
Los Angeles, CA  90066

Tel: (310) 391-9971
Fax: (310) 391-8971
Web: www.StatModel.com
Support: Support@StatModel.com

Copyright (c) 1998-2024 Muthen & Muthen
