Mplus VERSION 8.11 (Mac)
MUTHEN & MUTHEN
05/03/2025  12:55 PM

INPUT INSTRUCTIONS

  TITLE:    LGCM CESD score
  DATA:     FILE = "cesdwide.dat";
  VARIABLE: NAMES = id female agec70
            y01 y02 y03 y04 y05 y06
            y31 y32 y33 y34 y35 y36
            y61 y62 y63 y64 y65 y66;
            IDVARIABLE = id ;
            MISSING = . ;
  MODEL:    fw0 BY y01@0.51150 (l1);
            fw3 BY y31@0.51150 (l1);
            fw6 BY y61@0.51150 (l1);
            fw0 by y02-y06* (l2-l6);
            fw3 by y32-y36* (l2-l6);
            fw6 by y62-y66* (l2-l6);
            [y01@1.35775];
            [y31@1.35775];
            [y61@1.35775];
            [y02-y06*] (nu2-nu6) ;
            [y32-y36*] (nu2-nu6) ;
            [y62-y66*] (nu2-nu6) ;
            y01 y31 y61 (te1) ;
            y02 y32 y62 (te2) ;
            y03 y33 y63 (te3) ;
            y04 y34 y64 (te4) ;
            y05 y35 y65 (te5) ;
            y06 y36 y66 (te6) ;
            y01 with y31 (te11) ;
            y31 with y61 (te11) ;
            y02 with y32 (te22) ;
            y32 with y62 (te22) ;
            y03 with y33 (te33) ;
            y33 with y63 (te33) ;
            y04 with y34 (te44) ;
            y34 with y64 (te44) ;
            y05 with y35 (te55) ;
            y35 with y65 (te55) ;
            y06 with y36 (te66) ;
            y36 with y66 (te66) ;
            y01 with y61  ;
            y02 with y62  ;
            y03 with y63  ;
            y04 with y64  ;
            y05 with y65  ;
            y06 with y66  ;
            [fw0@0] ;
            [fw3@0] ;
            [fw6@0] ;
            fw0* (psi1) ;
            fw3* (psi1) ;
            fw6* (psi1) ;
            i by fw0-fw6@1 ;
            s by fw0@0 fw3@0.3 fw6@0.6 ; ! per decade
            i with s ;
            i s on agec70 female ;
            [i*] ;
            [s*] ;



INPUT READING TERMINATED NORMALLY



LGCM CESD score

SUMMARY OF ANALYSIS

Number of groups                                                 1
Number of observations                                        2762

Number of dependent variables                                   18
Number of independent variables                                  2
Number of continuous latent variables                            5

Observed dependent variables

  Continuous
   Y01         Y02         Y03         Y04         Y05         Y06
   Y31         Y32         Y33         Y34         Y35         Y36
   Y61         Y62         Y63         Y64         Y65         Y66

Observed independent variables
   FEMALE      AGEC70

Continuous latent variables
   FW0         FW3         FW6         I           S

Variables with special functions

  ID variable           ID

Estimator                                                       ML
Information matrix                                        OBSERVED
Maximum number of iterations                                  1000
Convergence criterion                                    0.500D-04
Maximum number of steepest descent iterations                   20
Maximum number of iterations for H1                           2000
Convergence criterion for H1                             0.100D-03

Input data file(s)
  cesdwide.dat

Input data format  FREE


SUMMARY OF DATA

     Number of missing data patterns           140


COVARIANCE COVERAGE OF DATA

Minimum covariance coverage value   0.100


     PROPORTION OF DATA PRESENT


           Covariance Coverage
              Y01           Y02           Y03           Y04           Y05
              ________      ________      ________      ________      ________
 Y01            0.981
 Y02            0.975         0.980
 Y03            0.979         0.977         0.983
 Y04            0.975         0.970         0.974         0.976
 Y05            0.974         0.969         0.974         0.969         0.975
 Y06            0.915         0.914         0.917         0.913         0.911
 Y31            0.711         0.711         0.711         0.708         0.707
 Y32            0.707         0.706         0.706         0.703         0.702
 Y33            0.711         0.711         0.711         0.708         0.707
 Y34            0.701         0.700         0.701         0.698         0.696
 Y35            0.699         0.699         0.699         0.696         0.694
 Y36            0.642         0.642         0.642         0.639         0.638
 Y61            0.501         0.500         0.501         0.499         0.498
 Y62            0.502         0.501         0.502         0.500         0.499
 Y63            0.501         0.501         0.501         0.499         0.499
 Y64            0.498         0.498         0.499         0.496         0.496
 Y65            0.498         0.498         0.499         0.496         0.496
 Y66            0.479         0.478         0.479         0.477         0.476
 FEMALE         0.981         0.980         0.983         0.976         0.975
 AGEC70         0.981         0.980         0.983         0.976         0.975


           Covariance Coverage
              Y06           Y31           Y32           Y33           Y34
              ________      ________      ________      ________      ________
 Y06            0.919
 Y31            0.665         0.724
 Y32            0.662         0.715         0.720
 Y33            0.665         0.722         0.716         0.725
 Y34            0.657         0.712         0.706         0.711         0.714
 Y35            0.655         0.710         0.703         0.710         0.702
 Y36            0.603         0.652         0.648         0.652         0.646
 Y61            0.467         0.485         0.484         0.485         0.481
 Y62            0.468         0.487         0.485         0.486         0.482
 Y63            0.467         0.486         0.485         0.486         0.482
 Y64            0.465         0.483         0.482         0.483         0.479
 Y65            0.465         0.484         0.482         0.483         0.480
 Y66            0.447         0.464         0.462         0.463         0.459
 FEMALE         0.919         0.724         0.720         0.725         0.714
 AGEC70         0.919         0.724         0.720         0.725         0.714


           Covariance Coverage
              Y35           Y36           Y61           Y62           Y63
              ________      ________      ________      ________      ________
 Y35            0.712
 Y36            0.644         0.654
 Y61            0.479         0.446         0.510
 Y62            0.480         0.447         0.507         0.512
 Y63            0.479         0.446         0.508         0.508         0.511
 Y64            0.476         0.444         0.504         0.505         0.505
 Y65            0.478         0.445         0.506         0.505         0.505
 Y66            0.457         0.429         0.485         0.486         0.487
 FEMALE         0.712         0.654         0.510         0.512         0.511
 AGEC70         0.712         0.654         0.510         0.512         0.511


           Covariance Coverage
              Y64           Y65           Y66           FEMALE        AGEC70
              ________      ________      ________      ________      ________
 Y64            0.508
 Y65            0.504         0.508
 Y66            0.483         0.483         0.488
 FEMALE         0.508         0.508         0.488         1.000
 AGEC70         0.508         0.508         0.488         1.000         1.000



UNIVARIATE SAMPLE STATISTICS


     UNIVARIATE HIGHER-ORDER MOMENT DESCRIPTIVE STATISTICS

         Variable/         Mean/     Skewness/   Minimum/ % with                Percentiles
        Sample Size      Variance    Kurtosis    Maximum  Min/Max      20%/60%    40%/80%    Median

     Y01                   1.458       1.812       1.000   65.26%       1.000      1.000      1.000
            2709.000       0.545       3.142       4.000    3.77%       1.000      2.000
     Y02                   1.345       2.371       1.000   77.44%       1.000      1.000      1.000
            2708.000       0.552       5.035       4.000    4.36%       1.000      2.000
     Y03                   1.522       1.718       1.000   63.55%       1.000      1.000      1.000
            2716.000       0.686       2.339       4.000    6.04%       1.000      2.000
     Y04                   1.650       1.189       1.000   66.22%       1.000      1.000      1.000
            2697.000       1.001      -0.071       4.000    7.45%       1.000      3.000
     Y05                   1.465       1.735       1.000   75.91%       1.000      1.000      1.000
            2694.000       0.815       1.599       4.000    5.86%       1.000      2.000
     Y06                   1.998       0.643       1.000   56.87%       1.000      1.000      1.000
            2539.000       1.543      -1.319       4.000   20.40%       2.000      4.000
     Y31                   1.469       1.826       1.000   65.07%       1.000      1.000      1.000
            2001.000       0.575       3.102       4.000    4.35%       1.000      2.000
     Y32                   1.368       2.260       1.000   74.90%       1.000      1.000      1.000
            1988.000       0.552       4.646       4.000    4.33%       1.000      2.000
     Y33                   1.502       1.764       1.000   65.05%       1.000      1.000      1.000
            2003.000       0.667       2.508       4.000    5.64%       1.000      2.000
     Y34                   1.723       0.959       1.000   59.79%       1.000      1.000      1.000
            1972.000       0.963      -0.499       4.000    6.03%       2.000      3.000
     Y35                   1.589       1.301       1.000   67.55%       1.000      1.000      1.000
            1966.000       0.880       0.298       4.000    5.49%       1.000      3.000
     Y36                   1.870       0.837       1.000   56.81%       1.000      1.000      1.000
            1806.000       1.266      -0.861       4.000   13.79%       2.000      3.000
     Y61                   1.505       1.716       1.000   61.60%       1.000      1.000      1.000
            1409.000       0.584       2.786       4.000    4.54%       1.000      2.000
     Y62                   1.350       2.352       1.000   76.93%       1.000      1.000      1.000
            1413.000       0.553       4.966       4.000    4.39%       1.000      2.000
     Y63                   1.548       1.594       1.000   60.81%       1.000      1.000      1.000
            1411.000       0.667       2.006       4.000    5.39%       1.000      2.000
     Y64                   1.749       0.950       1.000   61.55%       1.000      1.000      1.000
            1402.000       1.080      -0.618       4.000    8.13%       1.000      3.000
     Y65                   1.630       1.278       1.000   67.43%       1.000      1.000      1.000
            1403.000       1.006       0.152       4.000    8.20%       1.000      3.000
     Y66                   1.941       0.707       1.000   55.12%       1.000      1.000      1.000
            1348.000       1.348      -1.109       4.000   15.43%       2.000      3.000
     FEMALE                0.584      -0.342       0.000   41.56%       0.000      0.000      1.000
            2762.000       0.243      -1.883       1.000   58.44%       1.000      1.000
     AGEC70                0.364       0.673      -0.300   34.65%      -0.300      0.200      0.200
            2762.000       0.419      -0.681       1.700    8.76%       0.200      1.200


THE MODEL ESTIMATION TERMINATED NORMALLY



MODEL FIT INFORMATION

Number of Free Parameters                       38

Loglikelihood

          H0 Value                      -42032.198
          H1 Value                      -41231.306

Information Criteria

          Akaike (AIC)                   84140.396
          Bayesian (BIC)                 84365.497
          Sample-Size Adjusted BIC       84244.759
            (n* = (n + 2) / 24)

Chi-Square Test of Model Fit

          Value                           1601.785
          Degrees of Freedom                   187
          P-Value                           0.0000

RMSEA (Root Mean Square Error Of Approximation)

          Estimate                           0.052
          90 Percent C.I.                    0.050  0.055
          Probability RMSEA <= .05           0.051

CFI/TLI

          CFI                                0.879
          TLI                                0.877

Chi-Square Test of Model Fit for the Baseline Model

          Value                          11854.776
          Degrees of Freedom                   189
          P-Value                           0.0000

SRMR (Standardized Root Mean Square Residual)

          Value                              0.049



MODEL RESULTS

                                                    Two-Tailed
                    Estimate       S.E.  Est./S.E.    P-Value

 FW0      BY
    Y01                0.512      0.000    999.000    999.000
    Y02                0.504      0.011     46.171      0.000
    Y03                0.605      0.012     49.330      0.000
    Y04                0.602      0.015     39.212      0.000
    Y05                0.549      0.014     38.065      0.000
    Y06                0.405      0.018     22.643      0.000

 FW3      BY
    Y31                0.512      0.000    999.000    999.000
    Y32                0.504      0.011     46.171      0.000
    Y33                0.605      0.012     49.330      0.000
    Y34                0.602      0.015     39.212      0.000
    Y35                0.549      0.014     38.065      0.000
    Y36                0.405      0.018     22.643      0.000

 FW6      BY
    Y61                0.512      0.000    999.000    999.000
    Y62                0.504      0.011     46.171      0.000
    Y63                0.605      0.012     49.330      0.000
    Y64                0.602      0.015     39.212      0.000
    Y65                0.549      0.014     38.065      0.000
    Y66                0.405      0.018     22.643      0.000

 I        BY
    FW0                1.000      0.000    999.000    999.000
    FW3                1.000      0.000    999.000    999.000
    FW6                1.000      0.000    999.000    999.000

 S        BY
    FW0                0.000      0.000    999.000    999.000
    FW3                0.300      0.000    999.000    999.000
    FW6                0.600      0.000    999.000    999.000

 I        ON
    AGEC70             0.104      0.032      3.212      0.001
    FEMALE             0.265      0.042      6.254      0.000

 S        ON
    AGEC70             0.205      0.087      2.365      0.018
    FEMALE             0.038      0.104      0.363      0.716

 I        WITH
    S                  0.009      0.078      0.110      0.912

 Y01      WITH
    Y31                0.028      0.006      4.476      0.000
    Y61                0.013      0.009      1.417      0.157

 Y31      WITH
    Y61                0.028      0.006      4.476      0.000

 Y02      WITH
    Y32                0.008      0.007      1.264      0.206
    Y62                0.004      0.009      0.412      0.680

 Y32      WITH
    Y62                0.008      0.007      1.264      0.206

 Y03      WITH
    Y33                0.025      0.007      3.342      0.001
    Y63                0.014      0.010      1.325      0.185

 Y33      WITH
    Y63                0.025      0.007      3.342      0.001

 Y04      WITH
    Y34                0.052      0.014      3.803      0.000
    Y64                0.092      0.019      4.945      0.000

 Y34      WITH
    Y64                0.052      0.014      3.803      0.000

 Y05      WITH
    Y35                0.073      0.012      6.049      0.000
    Y65                0.047      0.017      2.850      0.004

 Y35      WITH
    Y65                0.073      0.012      6.049      0.000

 Y06      WITH
    Y36                0.168      0.026      6.557      0.000
    Y66                0.099      0.036      2.729      0.006

 Y36      WITH
    Y66                0.168      0.026      6.557      0.000

 Intercepts
    Y01                1.358      0.000    999.000    999.000
    Y02                1.241      0.010    121.140      0.000
    Y03                1.386      0.012    120.192      0.000
    Y04                1.562      0.014    109.603      0.000
    Y05                1.422      0.013    105.906      0.000
    Y06                1.861      0.017    106.982      0.000
    Y31                1.358      0.000    999.000    999.000
    Y32                1.241      0.010    121.140      0.000
    Y33                1.386      0.012    120.192      0.000
    Y34                1.562      0.014    109.603      0.000
    Y35                1.422      0.013    105.906      0.000
    Y36                1.861      0.017    106.982      0.000
    Y61                1.358      0.000    999.000    999.000
    Y62                1.241      0.010    121.140      0.000
    Y63                1.386      0.012    120.192      0.000
    Y64                1.562      0.014    109.603      0.000
    Y65                1.422      0.013    105.906      0.000
    Y66                1.861      0.017    106.982      0.000
    FW0                0.000      0.000    999.000    999.000
    FW3                0.000      0.000    999.000    999.000
    FW6                0.000      0.000    999.000    999.000
    I                 -0.008      0.036     -0.212      0.832
    S                  0.187      0.083      2.245      0.025

 Residual Variances
    Y01                0.286      0.007     43.204      0.000
    Y02                0.281      0.007     42.980      0.000
    Y03                0.283      0.008     37.245      0.000
    Y04                0.622      0.014     45.493      0.000
    Y05                0.565      0.012     45.807      0.000
    Y06                1.236      0.024     50.962      0.000
    Y31                0.286      0.007     43.204      0.000
    Y32                0.281      0.007     42.980      0.000
    Y33                0.283      0.008     37.245      0.000
    Y34                0.622      0.014     45.493      0.000
    Y35                0.565      0.012     45.807      0.000
    Y36                1.236      0.024     50.962      0.000
    Y61                0.286      0.007     43.204      0.000
    Y62                0.281      0.007     42.980      0.000
    Y63                0.283      0.008     37.245      0.000
    Y64                0.622      0.014     45.493      0.000
    Y65                0.565      0.012     45.807      0.000
    Y66                1.236      0.024     50.962      0.000
    FW0                0.552      0.031     17.887      0.000
    FW3                0.552      0.031     17.887      0.000
    FW6                0.552      0.031     17.887      0.000
    I                  0.482      0.042     11.558      0.000
    S                  0.146      0.231      0.632      0.527


QUALITY OF NUMERICAL RESULTS

     Condition Number for the Information Matrix              0.513E-03
       (ratio of smallest to largest eigenvalue)


     Beginning Time:  12:55:18
        Ending Time:  12:55:19
       Elapsed Time:  00:00:01



MUTHEN & MUTHEN
3463 Stoner Ave.
Los Angeles, CA  90066

Tel: (310) 391-9971
Fax: (310) 391-8971
Web: www.StatModel.com
Support: Support@StatModel.com

Copyright (c) 1998-2024 Muthen & Muthen
