Mplus VERSION 8.11 (Mac)
MUTHEN & MUTHEN
05/03/2025  12:55 PM

INPUT INSTRUCTIONS

  TITLE:    MLFA CESD EPESE
  DATA:     FILE = cesd.dat ;
  VARIABLE: NAMES = id t female agec70 y1 y2 y3 y4 y5 y6 ;
            MISSING = . ;
            WITHIN = t ;
            BETWEEN = agec70 female ;
            CLUSTER = id ;
  ANALYSIS: TYPE = TWOLEVEL RANDOM ;
  MODEL:    %WITHIN%
              fw BY y1@0.51150 (l1);
              fw by y2-y6* (l2-l6);
              s | fw on t ;
            %BETWEEN%
              fb BY y1@0.51150 (l1);
              fb by y2-y6* (l2-l6);
              y1-y6@0;
              fb on agec70 female ;
              s on agec70 female ;
              fb with s ;
              [y1@1.35775];
              [fb*];




*** WARNING
  One or more individual-level variables have no variation within a
  cluster for the following clusters.

     Variable   Cluster IDs with no within-cluster variation

      Y1          154 319 484 815 1046 1528 1791 2164 2451 557 762 765 1458 767 1460 1466 769
                  770 1476 50 1482 1483 776 404 1496 1497 1498 1503 1507 210 786 787 1526 790
                  1534 792 1538 413 420 1546 1551 797 800 1558 1563 425 1575 96 1578 814 1581
                  429 1585 1586 1590 1596 1598 816 1607 1611 1620 1628 831 1646 213 1656 840 1665
                  1666 846 1671 848 851 853 854 1699 860 1708 444 1711 1713 1716 217 1722 98 869
                  221 872 875 454 1747 882 457 224 889 1766 103 899 1770 1774 1777 1778 107 1783
                  471 1789 1797 35 1800 476 1807 1808 920 1818 248 930 1839 1843 114 1846 1863
                  252 254 941 255 1872 943 1876 1880 257 1883 259 950 952 1894 1899 1901 1917
                  966 1923 501 969 502 1938 1943 975 1945 1962 1968 1973 986 1975 1976 1977 1980
                  1991 1992 1994 1997 2001 2007 2010 1004 1005 1007 2024 514 2028 1016 2055 1030
                  2064 524 2070 2074 1041 125 2080 2081 287 2087 2088 2092 2093 2095 58 3 2100
                  539 2109 2111 2121 2123 134 1072 1073 2137 543 304 2140 546 549 61 2156 2159
                  2162 64 556 2167 1092 2175 2184 1096 564 2187 2196 2203 1104 1105 2207 147 149
                  2225 2229 2232 2236 2242 2245 2247 2250 1122 2259 2260 2265 1123 2267 2281 578
                  2284 2285 2286 314 2304 1140 25 2311 2312 2318 2330 68 1150 1154 2338 1163 329
                  599 601 2367 2371 2374 1179 2378 2379 603 2382 2385 2386 2390 2391 2393 157
                  2398 2400 2402 612 2411 331 2425 2433 2449 2456 8 159 622 10 2470 632 1241 2488
                  1247 635 1250 1251 2515 2519 2522 1262 2524 1266 2531 2533 2536 2537 2542 1270
                  1272 1273 340 665 1283 2572 2573 2579 1292 1293 2588 1300 1301 2598 668 164
                  2610 671 2617 1315 2620 1316 2623 348 2625 1322 44 2632 1328 682 2646 686 2648
                  2650 1340 2665 2668 2673 2676 2679 1346 1347 2684 173 2686 1351 2702 2707 1355
                  1356 699 362 2713 363 2717 2719 2731 1365 1368 2750 1371 180 2757 2766 1389
                  2773 194 2782 2783 375 1399 1402 1404 385 195 740 100 196 87 396 1419 1423 1162
                  1224 1414 92 1948 758 2224 2497 2634 2799 346 347 1472 349 1477 732 736 1484
                  1487 1491 739 354 743 356 746 747 748 1508 1509 750 1512 357 753 1520 1522 757
                  1530 1531 1533 763 764 364 1544 1548 1549 1556 774 1561 778 1569 779 1572 781
                  174 784 1584 374 176 789 376 1591 378 379 1599 381 382 801 1616 1617 384 1627
                  1632 808 1635 1636 1638 1639 1641 178 811 1644 812 1648 1651 1652 179 1659 1663
                  20 819 820 821 182 823 825 393 1684 1686 1690 1691 1692 395 1694 1696 1697 1701
                  183 1706 1707 399 1714 841 185 843 1721 845 1724 88 1727 1729 1732 1733 1734
                  89 1736 1737 405 408 1744 1745 856 857 190 411 1755 1760 864 415 418 1772 873
                  874 1779 1781 193 1788 21 1794 93 432 1803 891 198 895 1813 200 1827 903 904
                  1833 906 46 443 910 47 1842 445 446 915 1848 916 1852 1854 917 1857 447 924
                  451 452 928 1869 208 455 209 23 459 939 1888 212 101 946 1896 467 102 1903 1906
                  1909 953 1915 954 1920 1925 474 1929 961 1937 962 1940 1942 965 222 1947 479
                  108 1954 970 11 972 1964 1965 974 1972 110 980 983 1982 984 987 111 991 1990
                  229 230 994 231 1996 997 493 1000 2005 2006 2009 495 112 498 2023 1011 2025
                  2026 2029 503 238 2034 2035 1018 2045 53 240 1024 2051 2054 1025 1026 2061 507
                  1029 508 2067 2073 1038 2082 2085 2086 1048 516 517 1051 2094 1053 12 1057 1058
                  1062 2108 1065 1067 2120 2122 1069 28 2125 2128 526 117 1075 253 1078 2141 2142
                  2147 2150 256 2158 2161 2171 1094 1097 2179 2183 2189 2190 544 122 2197 2198
                  2199 2201 1110 1113 60 2214 2216 2219 1116 2226 62 1120 1124 2238 268 2244 1130
                  2252 1132 2254 2255 561 562 270 2270 566 1143 2275 2276 568 1147 1149 2287 2288
                  2291 571 2295 1156 2301 2302 1157 2305 2307 2315 2316 276 1168 2321 1169 2323
                  1170 2325 2327 1171 1173 1174 278 1177 279 2340 280 131 1182 2352 2353 2355
                  2357 1186 2362 584 2366 1189 283 2370 2372 285 588 1196 1197 1204 591 2392 132
                  594 595 596 2403 1216 598 288 1219 1220 2414 1221 2417 1222 2422 1223 290 2432
                  2434 1232 2439 2442 2444 1239 2453 608 2463 609 2466 610 2468 2469 294 295 1252
                  615 2480 2483 2484 298 1258 619 299 2498 1265 624 2511 2516 2520 1278 2525 2526
                  1281 630 1286 2539 2540 1288 135 1290 2547 633 136 2550 305 2554 2558 1297 2563
                  2565 1299 137 2571 2577 639 2586 308 2595 2600 1319 2603 2605 647 2612 1325
                  1326 2629 2631 1342 2640 2642 142 2649 663 664 2661 2662 34 4 2671 673 2678
                  323 2680 1363 675 324 2689 2694 2695 2697 1372 2701 2703 1375 148 1382 1383
                  2721 2724 2725 2726 2727 2729 2730 2734 69 2739 71 152 1396 2751 1398 1401 2762
                  696 2767 2771 2775 2776 2778 700 2784 2786 703 2792 2793 704 2796 705 2798 2800
                  1420 1421 2806 1424 156 73 1432 711 75 76 715 716 717 1443 1445 718 1449 1457
                  345 1463
      Y2          687 793 1071 1618 1669 2096 2104 2369 557 2205 762 765 766 1458 767 1460 1462
                  1466 1467 769 770 1475 1476 50 1480 1481 1482 1483 776 404 1497 782 1507 409
                  786 1523 787 790 792 1538 413 420 1551 797 800 1563 425 1575 96 1581 429 1585
                  1586 1590 1596 1607 817 826 1615 434 1620 1628 831 1640 835 840 1665 1666 214
                  1673 848 1682 851 215 853 1689 1699 858 860 1708 444 1711 1716 1717 1722 869
                  872 875 1747 884 457 30 224 889 463 892 1766 103 899 1773 1774 1777 1783 1789
                  472 908 1797 35 1800 912 476 1808 1816 1818 113 478 248 929 930 1835 931 1839
                  481 1843 114 1846 485 1862 1863 936 941 255 1872 943 1874 1876 1877 257 1883
                  259 1889 950 1899 1901 499 1917 1923 501 968 969 1938 1939 1943 116 37 1962
                  1969 1973 986 1975 1976 1981 1984 990 1989 1991 1992 1997 1998 1999 2001 2007
                  2010 999 1004 1005 1007 512 513 2024 514 518 1015 1016 1017 2036 1023 2049 1030
                  2064 2065 524 2070 123 2074 125 2081 287 2084 2088 535 2091 2092 2093 1050 2097
                  58 3 2100 1068 2113 1070 2121 2126 1072 2131 2133 1073 2137 543 2140 549 61
                  2159 2162 558 2167 2175 2184 1096 564 2187 565 1103 2195 2203 1105 2207 2210
                  149 2225 572 2229 313 2232 2236 2242 2245 2247 2250 2251 1122 2259 2265 2267
                  1131 2281 578 2285 2286 314 580 2300 1137 2304 25 2318 2330 68 1150 2334 2338
                  1163 329 1175 601 2364 2367 602 2371 2374 1179 1180 603 2382 2383 2385 2386
                  604 2390 2391 2393 157 611 1192 2398 2399 2402 2409 2410 2411 1199 331 2424
                  614 2433 2441 1211 2449 1215 2452 2456 8 159 10 2470 632 1234 634 1241 1242
                  1246 2488 2489 635 337 2509 650 2517 2519 2522 2524 1266 2531 2533 2534 2536
                  2548 1270 1272 1273 340 2561 665 1283 2572 2573 666 2581 1300 1301 2598 668
                  2608 2610 2617 2620 1316 2623 2625 1322 1323 44 2632 1328 167 45 682 686 2648
                  2650 1338 2652 1340 2657 2663 2665 2668 2673 2679 1346 1347 2684 173 2686 2690
                  83 2698 1351 2702 2707 1356 2713 363 2717 2719 709 1365 2741 1368 1370 2750
                  1371 180 2760 2766 1389 2773 194 2782 2783 2787 375 727 1399 1402 2801 1404
                  733 195 740 100 389 550 196 87 1419 1423 1162 1224 1304 1354 1902 1948 1428
                  758 2224 2497 2634 2670 1438 1465 346 347 728 1472 1473 349 1477 732 162 1484
                  1488 1490 16 739 354 39 743 356 1502 746 747 1508 1512 1513 357 1516 753 754
                  1520 1521 1522 755 359 1530 1533 1535 761 169 170 364 1544 1548 1549 1550 771
                  772 1556 1557 775 1561 171 1564 5 1569 779 781 174 784 1584 374 788 789 376
                  377 1593 1595 378 1597 379 1603 1605 1609 798 799 382 801 383 1616 1617 384
                  1621 1622 1624 1625 1627 1632 1633 808 1635 1636 1637 1638 1639 809 1641 178
                  811 1644 1645 812 1647 1648 1650 1651 1652 179 1657 388 1659 1662 1663 20 181
                  818 819 820 1670 821 1672 182 1677 823 824 393 394 1684 828 830 1691 1692 395
                  1694 1696 1697 1698 1701 834 183 1706 1707 837 399 1714 841 185 1718 843 1721
                  1724 88 1727 402 403 1732 1733 1734 1736 1737 405 407 408 1743 1744 1745 855
                  857 411 1753 1754 1755 1758 1760 864 866 414 1765 415 871 418 1772 873 874 877
                  1779 1781 192 1788 21 428 93 430 432 1802 1803 891 433 1806 198 895 1810 1811
                  896 1813 1814 22 1820 1822 437 439 903 904 201 1833 906 1836 442 910 446 1847
                  916 1851 1853 1854 917 1856 447 205 924 452 928 1869 455 209 1875 23 459 1879
                  1881 461 1887 1888 212 945 946 1896 466 467 102 1903 1904 24 1906 1909 1913
                  1915 104 218 473 474 106 1933 1937 962 1940 1942 965 2 1947 479 1950 108 1952
                  1953 1954 970 1957 1958 11 1960 972 1964 974 482 1971 977 225 980 1978 1979
                  1982 987 989 111 991 1990 229 231 1996 997 493 1000 2004 2005 2006 495 232 112
                  498 2022 2023 1011 1013 1014 237 238 2034 2035 1018 1019 2039 2045 53 240 1024
                  2051 2052 2053 2054 1026 2057 2061 2062 507 1029 508 2067 2071 242 2073 1036
                  1037 1038 511 244 2082 245 1045 2085 2086 54 515 1048 517 1051 2094 1053 1057
                  1058 2102 1061 1062 2108 2110 1064 2119 2120 2122 1069 28 2125 2127 2128 2129
                  526 117 1075 253 1078 2142 2147 533 256 2161 120 1090 538 2168 2170 2171 2173
                  1094 2179 2182 2183 1099 1100 2189 2190 2191 2192 261 122 2197 2199 2201 2202
                  547 548 1110 1112 2216 2217 2218 2219 2222 2223 551 2226 62 1120 2233 2234 267
                  1124 1125 2238 2240 2241 2243 2244 1127 2248 1129 1130 2252 1132 2254 2255 562
                  563 1138 270 2269 1143 128 2276 2278 2280 1147 1149 2287 2290 2291 2296 2298
                  1155 1156 2301 2302 1157 2307 2308 1160 1161 2314 2315 2316 276 2319 1168 2321
                  1169 2323 1170 2325 2327 2328 1173 130 278 1177 279 2339 2340 280 2343 2345
                  131 1182 1183 2352 2353 2355 2356 2357 1186 584 1188 2368 2370 2372 285 588
                  1195 1196 1198 1200 2384 286 2387 2388 1203 1204 591 2392 592 132 594 595 1213
                  1214 2403 2405 2408 598 1220 2413 2414 2415 1221 2417 1222 2420 2422 2427 290
                  2432 1231 2434 2435 1232 2438 2439 291 2442 2443 2444 2447 2448 606 1239 2453
                  607 608 2459 1245 2463 609 610 2469 294 1252 615 2480 616 2483 2484 2485 298
                  1258 2493 619 2495 299 2498 2500 1263 1265 301 623 626 2511 628 2516 1276 2520
                  1278 302 2525 2526 1281 2530 630 631 1286 2539 2541 1288 135 2547 136 2550 1294
                  2553 2554 2555 2558 2562 2564 2565 2566 1299 137 638 2574 2577 1303 639 138
                  1309 642 2586 2587 1311 645 2595 2603 2605 2606 647 648 2609 139 2612 1324 1325
                  1326 310 1329 311 1335 2629 2630 1337 659 1342 2640 1343 2645 2649 663 664 66
                  2656 2661 2662 34 146 4 2669 2671 1360 2677 2678 2680 1363 2682 675 324 1367
                  2687 2689 2694 2695 679 2697 2701 1373 2704 1375 1376 2710 148 683 1380 2714
                  2716 1382 2718 1383 2720 2721 2722 1384 2725 2726 2727 2729 2730 1386 1387 2734
                  69 2739 70 152 1393 2748 1396 333 2752 691 1400 1401 2758 2762 1405 695 696
                  2770 2771 153 2775 2776 2778 700 1413 2784 2785 2786 702 703 2789 2792 2793
                  704 1418 2796 705 2798 1420 1421 1422 2806 1424 156 73 1432 711 76 342 715 716
                  717 1441 1445 718 1449 1451 1453 1457 1463
      Y3          154 2369 762 765 1458 767 1460 1467 769 770 1475 1476 50 1480 1482 1483 776
                  1493 1496 1497 786 1526 1534 792 1538 1541 1551 800 1558 1559 421 1563 425 1568
                  1575 96 1581 429 1585 1590 1596 826 1615 434 1620 1628 831 1640 835 836 840
                  1665 1666 436 848 860 444 1711 1712 1713 1716 1717 98 872 1738 1739 456 1751
                  884 457 889 1766 899 1773 1774 1777 1778 107 1783 1789 908 1797 35 1800 912
                  476 1807 1808 920 1816 1818 478 248 930 1835 1839 1841 1843 114 1846 485 1863
                  254 1867 941 255 1872 1874 1876 947 1880 257 1883 259 1889 950 952 1899 1901
                  499 1917 1923 501 968 969 502 1943 975 1945 1951 37 1962 1968 1969 1973 1975
                  1977 1981 990 1989 1991 1992 1994 1997 1999 2001 2007 2010 999 1004 1007 2024
                  518 1015 1016 1017 2036 519 2042 2047 1023 2064 524 2069 2070 2074 2077 2081
                  287 2084 2091 2092 2093 2097 58 2100 539 1068 2109 2113 2123 1072 2131 1073
                  543 304 2140 549 1083 61 2162 2165 558 2167 2175 2184 1096 564 2195 1105 2208
                  2210 2212 149 2225 572 1117 2229 2232 2236 2242 2247 2249 2265 1123 2267 2271
                  1126 2273 2281 578 2285 2286 314 2300 2304 25 2311 1144 2318 2320 2330 68 1150
                  320 322 1163 329 599 2354 601 2367 602 2371 2374 1179 2378 603 2382 2383 2385
                  2386 604 2391 2393 611 2398 2399 2402 2409 2410 2411 2424 2425 2429 2441 1211
                  2449 1215 2452 2456 8 159 622 2470 1234 1246 2488 1247 635 1250 2507 650 2517
                  2522 1262 1266 2531 163 2542 2548 1270 2561 665 1283 2572 2579 666 2581 1301
                  2592 1302 2598 667 668 2610 671 2617 2620 2623 348 2625 1322 44 2632 1328 676
                  167 682 2646 2648 2650 1340 2657 49 2668 2673 2676 2679 1346 1347 2684 173 2686
                  2690 83 2698 2702 2707 1356 699 363 2717 2719 1364 1365 1368 2750 180 2760 187
                  2766 1389 194 724 2782 2783 727 1402 380 1404 195 740 100 389 87 1419 1423 1162
                  1224 1304 1354 1414 92 1948 758 2224 2634 2670 1435 1439 346 347 1472 1473 36
                  349 1477 732 1484 1490 16 739 1494 38 354 743 747 1509 1512 1513 357 1516 753
                  1520 1522 359 1531 1532 1533 364 1544 1547 1548 1549 1556 1561 171 1564 1566
                  1569 779 85 781 174 784 1584 176 376 1594 1595 378 379 1599 795 1603 381 799
                  382 801 1616 384 1621 1622 1624 1627 1631 1632 1633 808 1636 1639 1641 178 811
                  1644 1645 812 1651 179 1657 388 1663 181 819 820 821 182 1677 823 824 393 1684
                  828 1688 830 1691 1692 395 1694 1695 1696 1697 833 1701 183 1706 1707 399 185
                  1718 843 844 1724 88 1726 1727 1732 1733 1734 89 1737 405 407 1743 1744 1745
                  1746 856 857 189 411 1755 1758 191 1760 864 1765 416 871 418 1772 1779 1780
                  1781 192 1788 21 432 1801 1802 1803 891 433 895 1813 1821 1822 1825 200 439
                  1833 1836 442 47 445 1848 916 1852 1853 1854 917 1857 205 924 452 1869 209 934
                  23 1879 1881 939 1888 946 1896 467 1900 1903 24 1906 1907 1908 218 474 1929
                  1937 962 1940 2 108 1952 1953 970 1957 1958 11 972 1967 483 1971 977 225 980
                  1978 1979 486 984 111 1990 229 994 231 1996 996 997 493 494 1000 1001 2005 2006
                  2008 495 498 1011 2025 2026 1013 1014 237 238 2034 2035 1018 2045 53 240 2050
                  2051 2053 2054 1026 2061 507 1029 508 2067 2071 2073 1036 1037 1038 244 2082
                  245 1045 2085 2086 54 517 1051 1052 2094 1053 1057 1058 1061 1062 1064 2118
                  2120 250 2122 1069 28 2125 2127 2129 526 1075 253 1078 2142 531 2147 2150 14
                  256 2161 258 1090 538 2173 1094 1097 2180 2183 1098 1099 2189 2192 122 2197
                  2198 2201 1110 2216 2218 2219 2223 62 1120 2230 554 2234 1124 2238 2240 2244
                  1127 1129 1130 2252 1132 2255 2261 2269 566 1143 2277 568 2280 1146 1147 1149
                  273 2287 2288 2290 2291 2295 2296 129 2302 1157 2307 1160 1161 575 1165 2315
                  2316 276 1168 2321 1169 2323 1170 2325 2327 2328 1174 130 278 1177 279 280 2345
                  131 1182 2352 2353 282 2355 2357 2358 1186 2361 584 2368 2372 588 1196 589 1200
                  2384 1201 286 2387 1203 591 2392 132 594 595 1214 2403 2407 598 288 1220 2413
                  2414 2415 2417 2422 600 290 2432 2434 1232 2438 2439 291 292 2442 2443 2444
                  2448 2453 2455 607 2459 2463 610 2468 2469 1252 1254 615 2480 2483 2484 2485
                  2486 298 1258 618 2493 619 2495 299 2498 1265 2511 1274 2516 2520 1278 2525
                  2526 630 631 1284 2539 2547 1294 2553 2554 2555 2558 2565 1299 137 2574 2576
                  2577 2578 639 138 1309 2586 2587 2603 2605 2606 648 2612 2613 1325 1326 310
                  1337 1342 2640 1343 660 2649 663 2656 2660 2661 2662 34 4 2669 2671 2674 2680
                  675 1367 2688 2689 2691 2694 2695 679 2697 2701 1373 2704 1375 1376 681 2710
                  148 2714 2716 2718 1383 2720 2721 2724 2725 2726 2727 2730 1386 1387 2734 152
                  1393 2746 2748 1396 1398 1400 1401 2758 2762 696 2771 2775 2776 700 2781 1413
                  2784 2785 2786 703 2792 2793 704 1418 2796 705 2798 1422 706 2806 156 73 1432
                  711 75 1437 715 716 1445 718 1447 1449 1453 1457 723 345 1463
      Y4          154 319 484 605 815 1012 1046 1528 1786 1849 2549 557 762 765 766 1456 1458
                  767 1460 769 770 50 1480 1483 776 404 1497 1501 1505 1510 1523 787 790 1536
                  792 1538 413 1541 1546 1551 1558 1563 425 1575 96 1578 814 1585 1590 1592 1600
                  816 1607 817 826 1615 434 1628 831 1640 836 213 1656 840 1665 1666 436 846 848
                  1681 851 860 1708 1711 1712 1713 1716 1717 98 875 1738 880 456 1747 1748 883
                  884 457 224 889 892 893 899 1773 1777 1778 107 1783 1789 905 1797 1800 476 929
                  930 1835 481 1841 1843 114 1845 1846 485 1860 1862 936 252 255 1872 943 1874
                  1880 1883 1889 956 1899 1901 499 1917 1923 501 1939 1943 1951 1962 1969 1973
                  986 1976 1983 992 993 1989 1991 1992 57 1997 1998 1999 2010 1004 1007 512 513
                  2024 2028 518 1015 1016 1017 1023 272 2065 524 2070 2074 2077 287 2084 2087
                  2093 2095 2097 58 3 539 1068 2109 2111 2113 134 1072 2131 543 304 2140 546 1083
                  61 2162 2165 2167 1092 2184 564 2203 1105 2208 2210 2225 1117 2229 2242 2247
                  2249 1123 2284 314 580 2300 1137 25 582 2312 2313 1144 2318 2320 151 2330 68
                  1150 1163 328 329 601 2364 2371 2374 1179 1180 2378 2382 2383 2386 2390 2391
                  2393 2395 1192 2398 2402 612 2409 2410 2411 331 2425 2429 2433 1209 2456 8 159
                  622 2470 2471 1250 2503 2507 2509 650 653 2517 2519 2522 2524 163 2533 2534
                  2536 2542 1270 1272 340 2561 1283 2572 2573 1292 1293 1301 2598 667 668 2608
                  2610 671 2617 1315 2620 1316 2623 2625 1322 1323 44 2632 1328 682 2648 2650
                  2652 1340 2665 2668 2676 2679 1347 2684 173 2686 698 2707 1355 1356 362 2719
                  709 2735 1365 2747 180 186 2760 84 194 2782 2783 727 1399 1404 195 740 100 389
                  196 396 1419 1423 1162 1224 1304 1948 1428 758 2634 2799 1435 1438 1465 346
                  347 728 1472 36 1477 732 1484 1490 1494 354 356 1502 746 747 1512 1513 753 1520
                  1522 755 1531 1533 17 1544 1549 1555 1561 171 1564 1569 1572 1573 1577 784 1582
                  374 176 788 789 376 378 1599 1601 795 1603 1606 799 384 1627 1629 1633 1635
                  1636 178 1644 1645 812 1649 1651 387 1663 181 819 182 823 824 394 1684 830 1692
                  1694 1696 1701 834 183 1706 184 399 1714 1715 841 185 1718 843 844 1724 88 402
                  1733 1734 1737 407 1744 1745 1746 857 190 411 1753 861 1758 191 1760 864 865
                  414 418 1772 874 1779 1785 21 431 432 1802 895 200 1827 903 1833 906 46 1836
                  47 445 446 1847 1852 1854 1857 205 924 928 1869 455 48 23 1887 212 945 1896
                  466 467 1900 1903 216 953 218 1924 473 1929 1933 1937 962 1942 965 2 1947 108
                  1952 1954 970 1957 11 1965 1967 974 482 977 225 1978 1979 984 987 111 230 231
                  997 494 1002 2008 232 1006 112 498 2023 2025 2026 236 238 2034 2035 1020 2045
                  240 2051 2054 1026 2061 507 508 2067 1033 242 1036 511 2082 245 1045 2086 517
                  1051 12 1062 2110 1064 1067 2117 2119 1069 28 2125 2127 526 1075 253 2142 13
                  533 2150 14 120 1090 2171 2173 2179 1098 1099 2188 2192 544 122 263 2198 2200
                  2202 1110 60 2215 2216 2218 2221 2223 2226 62 1120 2233 2234 2238 2243 2244
                  1127 2252 2254 2255 559 560 2261 1139 2269 128 568 1149 2288 2290 2291 2295
                  2296 1155 2301 1157 2305 1165 2314 276 2321 1169 1170 2325 2327 1173 1174 130
                  278 279 2340 280 2345 131 2352 2355 2356 2357 2358 2362 1188 2372 588 1195 1196
                  1197 1200 1201 286 1203 1204 591 2392 132 1213 1214 1216 2407 598 1219 2413
                  2415 1221 2417 2420 2422 1228 2432 2435 1232 2437 2438 2439 291 2442 2444 2447
                  2448 606 1238 2453 2455 2459 1245 2463 2468 2469 294 615 2481 616 2483 2484
                  2487 298 1258 2491 619 2495 2498 2500 1265 1274 2516 2520 2521 1278 2525 2526
                  1281 2530 630 2539 2541 1288 2547 633 136 2554 2555 2558 1297 2564 2566 638
                  2574 2576 2577 639 1309 2586 2587 645 2593 2595 1320 2612 1325 2616 1326 310
                  311 655 2631 1339 1342 2640 660 142 2655 2656 317 34 4 2671 2672 2678 2680 2682
                  675 324 2689 2691 2694 2697 2701 2704 1376 684 2716 1382 2718 1383 2720 2724
                  2725 2726 2730 1387 2739 2740 2742 1393 1396 1401 2762 1405 696 2775 2781 701
                  2785 703 2789 2790 2793 704 2798 1420 1422 73 1432 75 76 716 717 1441 1444 1445
                  718 1449 1453 1457 345
      Y5          154 223 319 484 1046 1528 1741 2164 2451 2528 2557 557 886 762 765 766 1456
                  767 1467 769 770 1476 50 1480 1481 1482 1483 776 404 1497 1505 1510 787 790
                  1536 792 1538 413 1541 1551 1552 797 1558 1559 1563 425 1568 1575 96 1578 814
                  1581 1585 1588 1590 1596 1607 817 822 826 1615 434 1620 1628 831 1640 835 1656
                  840 1665 1666 846 1671 1681 1682 851 215 1689 854 1699 860 1708 1711 1713 1716
                  1717 98 872 1738 1739 454 1749 883 884 457 224 889 463 1766 893 899 1770 1773
                  1777 107 1783 471 1789 905 472 1797 909 35 1800 476 1818 921 1826 929 930 1839
                  481 1841 1843 1846 1855 1860 1862 936 252 254 1867 1868 941 255 1872 943 1876
                  1877 947 1880 1883 259 1889 950 1899 1901 499 1923 501 968 969 502 1939 1943
                  1945 116 1951 37 1959 1962 1969 506 1973 1976 1977 1980 990 992 993 1991 1992
                  57 1997 1999 121 2001 2010 1004 2013 1005 1007 513 2024 518 1015 1017 1023 2055
                  1030 522 2064 524 2070 123 2074 2080 287 2084 2088 2091 2093 2097 58 2114 1070
                  134 2126 1072 2131 2133 543 546 549 61 2156 2162 64 2165 558 1092 1093 564 2203
                  1105 2207 2208 2210 147 149 2229 2232 2235 2236 2242 2245 2247 2249 2250 1122
                  2259 2265 1123 1126 578 2284 2286 1137 1140 25 2311 2312 1144 2318 2320 151
                  2330 1150 2338 329 2351 2354 601 2367 602 2371 2374 1179 2379 603 2382 2383
                  2385 2386 604 2391 2393 2395 2398 2399 2400 2402 612 2409 2411 2433 617 1211
                  1215 2452 2456 8 159 2471 634 1242 1246 2489 1247 635 2503 643 338 2507 2509
                  2522 1262 163 2533 2534 2536 2542 1270 1272 1273 340 2561 1283 2573 1293 2588
                  1300 1301 2592 1302 2598 667 668 164 2610 343 671 2617 2620 2623 348 2625 1322
                  1323 44 2632 1328 676 167 2639 682 2646 686 2648 2650 2652 1340 2665 2668 2676
                  2679 2684 173 2686 2690 83 361 2698 2702 698 2707 1356 363 2719 709 2731 1365
                  2747 2750 180 186 2761 187 84 1389 2773 194 2783 727 1399 380 1404 385 2807
                  733 195 740 100 389 87 396 1419 1423 1162 1224 1425 1304 1414 92 1948 758 2497
                  2634 2670 400 1436 1438 346 347 1469 1472 36 1477 732 1484 1488 1490 1491 39
                  743 356 1502 747 1508 1512 1513 1516 753 1520 1521 1522 1524 359 1529 1530 1531
                  1533 1535 18 763 364 1544 1545 1549 1557 367 775 1561 171 5 1566 1567 1569 779
                  85 1577 371 174 784 176 788 376 377 1603 1606 381 1608 798 799 801 804 805 384
                  1621 1624 1629 1632 1633 1635 1636 1637 1639 1641 178 811 1645 812 1651 179
                  388 1659 1662 1663 181 182 1676 823 393 394 1684 828 830 1691 1692 395 1694
                  1696 1697 1698 1701 834 1706 1707 837 399 1714 1715 841 185 1719 843 844 1724
                  88 1727 402 1732 1733 89 1736 1737 850 1744 1745 857 190 411 1753 1755 862 1758
                  191 1760 864 414 415 416 418 1772 873 874 1779 1781 192 1788 21 432 1802 1803
                  198 895 1810 22 1821 439 903 904 201 1833 906 442 443 910 47 446 1847 1848 1851
                  1852 1857 447 924 451 452 928 1869 208 455 209 48 23 460 1887 1888 212 945 946
                  1896 465 467 1900 1903 1909 1910 1913 1915 954 1924 473 1929 1933 1936 962 1940
                  1942 964 965 2 1947 479 1950 108 1952 1954 1957 1958 1960 972 1964 1967 482
                  977 225 980 981 1978 1979 1982 984 111 991 1990 230 994 997 494 1000 2003 2005
                  1002 1006 2014 112 498 2021 2025 2029 1014 238 2034 1018 2037 2039 1020 1021
                  2045 240 1024 2051 2054 1026 2058 2061 507 508 2067 1033 2071 242 2082 1045
                  2086 1048 516 1051 12 1061 1062 2107 2108 1063 2110 1064 1065 1066 1067 2118
                  2119 250 2125 2127 2128 526 117 1075 253 1078 2141 13 2147 2148 2150 14 256
                  2158 2161 120 258 1089 1090 2168 2170 1094 2179 2181 2182 1098 2188 2189 2192
                  122 263 2197 2198 2201 548 60 2214 2216 2217 1116 2221 2222 2223 2226 62 1120
                  2233 2234 1124 1125 2238 2241 268 1127 2248 1129 2252 1132 2255 559 560 561
                  2261 562 563 1139 2269 1143 128 2276 2277 568 1147 1149 2287 2288 2290 2291
                  571 1152 2295 129 1155 1156 2301 1157 1161 275 1165 2315 276 2319 1168 2321
                  1169 1170 2325 2326 2328 1173 1174 130 278 1177 279 2340 280 2343 2345 2346
                  131 2353 282 2355 2356 2357 2359 584 1188 2368 2372 588 1195 1196 589 1200 2384
                  1201 286 1204 591 2392 132 594 596 1213 1214 2403 1216 2405 2407 598 1219 2413
                  2415 1221 2417 1222 2422 2432 2434 2435 1232 2437 2438 2442 2443 2444 2447 2448
                  606 1238 1239 2453 2455 1244 1245 2463 610 2468 2469 294 615 2480 616 2483 2484
                  298 1258 2491 2498 2500 1264 1265 301 623 625 626 2511 2516 1276 1277 1278 2525
                  2526 1281 2530 630 631 1284 2539 2540 2541 1288 2543 2547 633 136 305 2553 2554
                  2555 1297 2562 2564 2565 1299 2569 638 2576 2577 1303 639 1307 1309 2586 2587
                  1311 2593 2595 1320 2605 648 139 1325 1326 310 651 311 1335 2633 1339 1342 2640
                  1343 2644 142 662 2656 2661 34 4 2669 2671 2672 673 2677 2678 2680 2682 675
                  324 2691 2694 2697 2699 1372 681 2710 148 683 684 1382 1383 2725 2726 1386 1387
                  685 2737 69 2740 2746 1396 2751 1405 695 2770 2771 697 153 2775 2781 1413 2784
                  2785 702 703 2789 2793 704 2798 2800 1420 1421 1422 706 1424 156 1427 73 1429
                  710 75 76 715 716 1441 1443 1444 1445 1449 1450 345
      Y6          29 67 143 154 239 341 360 373 448 510 553 605 687 707 933 938 979 1046 1115
                  1191 1282 1381 1406 1417 1479 1667 1687 1742 1756 1762 1764 1786 1809 1878 1895
                  1956 1987 2012 2096 2266 2292 2369 2375 2404 2428 2496 2523 2528 2756 557 802
                  2205 762 765 1448 1458 1460 1462 1466 769 1475 1476 50 776 1493 404 1497 409
                  1523 1538 1552 421 425 96 814 1581 1590 1596 826 1615 434 835 1665 1666 1681
                  854 1699 860 1708 444 1712 1717 98 221 872 875 1738 1749 882 883 884 457 889
                  899 1777 1778 1783 905 472 908 35 1800 912 921 113 1826 248 929 930 1839 1843
                  1846 1855 252 941 255 1872 943 1874 1876 947 1883 259 1889 950 952 264 501 968
                  975 976 116 986 1976 1984 990 1991 1992 1994 1997 121 1004 2024 514 1016 1017
                  1030 2066 2070 125 2080 2081 2088 535 2090 2092 3 2100 2113 2114 2131 2133 2137
                  304 2140 2159 2162 2165 1095 564 2187 2195 2203 2208 2210 147 149 1117 2237
                  2242 2249 1123 2273 2281 2284 2297 580 25 2318 2320 151 2330 1154 328 329 2351
                  1175 601 2364 2367 2371 2374 1179 603 2383 2393 611 2398 2399 2400 2402 2411
                  331 2429 2441 1215 2452 8 159 10 632 1234 2503 2509 2517 2519 2531 163 2534
                  2536 2545 1270 1273 340 1283 2573 666 2588 1300 1301 2592 1302 2598 667 668
                  2608 343 2617 1315 2620 1316 2623 2625 1322 1328 2639 2646 2650 1338 2652 49
                  2665 2676 2679 173 2686 2698 2702 698 2707 1356 363 2717 2731 1366 2747 180
                  187 84 2782 2783 727 380 1404 2807 735 740 389 196 396 1419 1425 1414 1948 1428
                  2497 2634 2799 1436 1438 346 347 1469 1470 36 1477 351 736 1484 1488 354 356
                  1502 747 748 750 1513 1516 1521 1524 757 1529 1531 1532 17 364 1545 1548 366
                  367 1572 1573 85 788 377 1593 1595 1599 86 1603 796 1606 799 383 805 384 1624
                  1627 807 1635 1636 1641 811 812 1651 1652 388 1663 20 1670 824 393 394 1684
                  1688 1692 1694 1696 1697 832 399 1714 1719 843 1721 1724 1726 1727 1729 1734
                  89 1737 405 90 1743 1744 1745 855 857 1754 191 1760 414 415 416 417 871 418
                  1775 424 427 1794 431 1802 1803 891 197 198 895 1811 1825 439 1829 201 46 446
                  1854 917 1856 1857 919 924 452 927 1869 208 209 48 1875 23 1879 937 939 1887
                  944 946 466 1900 1903 24 1907 1908 1909 104 1922 218 106 1933 961 1937 1940
                  964 965 1947 479 1950 108 1957 1958 11 1960 973 1965 977 225 1978 227 989 111
                  991 230 231 997 2004 2005 495 1006 112 498 2020 2023 2029 1014 2034 1018 2045
                  1024 2058 2061 2062 2067 1032 2071 2073 1042 2082 1045 2086 1048 517 1051 1053
                  12 1058 1062 1063 1065 1066 2118 250 28 2129 526 1074 2135 529 530 2142 13 2147
                  2153 256 2158 1089 1090 538 31 2173 1094 2181 1098 2192 122 263 2197 2198 2201
                  548 2209 1112 2216 1116 551 1120 2234 2240 2243 2244 1127 1129 2252 561 1139
                  1143 1149 2289 2291 571 2302 1157 2314 276 2319 2321 1169 2325 2327 2328 130
                  278 279 2343 2345 2346 1183 2357 2361 1189 284 285 588 1195 1203 1204 2392 1208
                  132 594 1214 2403 598 1219 2415 2420 600 1229 2431 2432 2434 2444 2447 2448
                  2455 2459 609 2469 615 616 2483 298 1258 2491 2493 619 299 2500 1265 626 627
                  1276 1278 2525 2526 2530 630 631 1285 2539 2540 1288 135 2547 633 305 2554 2558
                  2563 2564 2576 2577 2578 639 138 1309 2586 2587 1317 2600 2612 1325 655 1334
                  141 658 1342 142 662 2649 66 317 34 2669 673 2680 1363 675 324 2687 2694 679
                  1372 1373 2704 1376 2710 684 2716 1383 2724 2727 2730 1386 1387 2733 69 152
                  1396 1401 2770 2777 700 1413 2784 2785 702 703 2789 2793 704 1418 705 2798 1421
                  1422 706 156 73 1432 711 76 1443 1444 1445 1447 160 721 1457

   1 WARNING(S) FOUND IN THE INPUT INSTRUCTIONS



MLFA CESD EPESE

SUMMARY OF ANALYSIS

Number of groups                                                 1
Number of observations                                        6165

Number of dependent variables                                    6
Number of independent variables                                  3
Number of continuous latent variables                            3

Observed dependent variables

  Continuous
   Y1          Y2          Y3          Y4          Y5          Y6

Observed independent variables
   T           FEMALE      AGEC70

Continuous latent variables
   FW          S           FB

Variables with special functions

  Cluster variable      ID

  Within variables
   T

  Between variables
   FEMALE      AGEC70


Estimator                                                      MLR
Information matrix                                        OBSERVED
Maximum number of iterations                                   100
Convergence criterion                                    0.100D-05
Maximum number of EM iterations                                500
Convergence criteria for the EM algorithm
  Loglikelihood change                                   0.100D-02
  Relative loglikelihood change                          0.100D-05
  Derivative                                             0.100D-03
Minimum variance                                         0.100D-03
Maximum number of steepest descent iterations                   20
Maximum number of iterations for H1                           2000
Convergence criterion for H1                             0.100D-03
Optimization algorithm                                         EMA

Input data file(s)
  cesd.dat
Input data format  FREE


SUMMARY OF DATA

     Number of missing data patterns            32
     Number of clusters                       2762



COVARIANCE COVERAGE OF DATA

Minimum covariance coverage value   0.100


     PROPORTION OF DATA PRESENT


           Covariance Coverage
              Y1            Y2            Y3            Y4            Y5
              ________      ________      ________      ________      ________
 Y1             0.993
 Y2             0.984         0.991
 Y3             0.989         0.986         0.994
 Y4             0.982         0.977         0.981         0.985
 Y5             0.981         0.976         0.981         0.975         0.983
 Y6             0.920         0.918         0.921         0.915         0.913
 T              0.993         0.991         0.994         0.985         0.983
 FEMALE         0.993         0.991         0.994         0.985         0.983
 AGEC70         0.993         0.991         0.994         0.985         0.983


           Covariance Coverage
              Y6            T             FEMALE        AGEC70
              ________      ________      ________      ________
 Y6             0.923
 T              0.923         1.000
 FEMALE         0.923         1.000         1.000
 AGEC70         0.923         1.000         1.000         1.000



UNIVARIATE SAMPLE STATISTICS


     UNIVARIATE HIGHER-ORDER MOMENT DESCRIPTIVE STATISTICS

         Variable/         Mean/     Skewness/   Minimum/ % with                Percentiles
        Sample Size      Variance    Kurtosis    Maximum  Min/Max      20%/60%    40%/80%    Median

     Y1                    1.472       1.794       1.000   64.36%       1.000      1.000      1.000
            6119.000       0.564       3.045       4.000    4.13%       1.000      2.000
     Y2                    1.353       2.330       1.000   76.49%       1.000      1.000      1.000
            6109.000       0.552       4.888       4.000    4.35%       1.000      2.000
     Y3                    1.522       1.704       1.000   63.41%       1.000      1.000      1.000
            6130.000       0.676       2.312       4.000    5.76%       1.000      2.000
     Y4                    1.697       1.058       1.000   63.05%       1.000      1.000      1.000
            6071.000       1.009      -0.352       4.000    7.15%       1.000      3.000
     Y5                    1.543       1.474       1.000   71.24%       1.000      1.000      1.000
            6063.000       0.885       0.751       4.000    6.28%       1.000      2.000
     Y6                    1.944       0.721       1.000   56.44%       1.000      1.000      1.000
            5693.000       1.412      -1.136       4.000   17.13%       2.000      3.000
     T                     0.236       0.395       0.000   44.25%       0.000      0.000      0.300
            6165.000       0.057      -1.306       0.600   23.07%       0.300      0.600
     FEMALE                0.584      -0.342       0.000   41.56%       0.000      0.000      1.000
            2762.000       0.243      -1.883       1.000   58.44%       1.000      1.000
     AGEC70                0.364       0.673      -0.300   34.65%      -0.300      0.200      0.200
            2762.000       0.419      -0.681       1.700    8.76%       0.200      1.200


THE MODEL ESTIMATION TERMINATED NORMALLY



MODEL FIT INFORMATION

Number of Free Parameters                       26

Loglikelihood

          H0 Value                      -42123.918
          H0 Scaling Correction Factor      1.6585
            for MLR

Information Criteria

          Akaike (AIC)                   84299.835
          Bayesian (BIC)                 84474.728
          Sample-Size Adjusted BIC       84392.107
            (n* = (n + 2) / 24)



MODEL RESULTS

                                                    Two-Tailed
                    Estimate       S.E.  Est./S.E.    P-Value

Within Level

 FW       BY
    Y1                 0.512      0.000    999.000    999.000
    Y2                 0.504      0.015     33.522      0.000
    Y3                 0.608      0.016     38.119      0.000
    Y4                 0.606      0.023     26.600      0.000
    Y5                 0.554      0.022     24.955      0.000
    Y6                 0.413      0.023     17.916      0.000

 Residual Variances
    Y1                 0.287      0.011     25.740      0.000
    Y2                 0.283      0.012     23.965      0.000
    Y3                 0.283      0.013     21.315      0.000
    Y4                 0.619      0.019     31.867      0.000
    Y5                 0.562      0.019     29.718      0.000
    Y6                 1.232      0.022     55.136      0.000
    FW                 0.527      0.046     11.350      0.000

Between Level

 FB       BY
    Y1                 0.512      0.000    999.000    999.000
    Y2                 0.504      0.015     33.522      0.000
    Y3                 0.608      0.016     38.119      0.000
    Y4                 0.606      0.023     26.600      0.000
    Y5                 0.554      0.022     24.955      0.000
    Y6                 0.413      0.023     17.916      0.000

 FB         ON
    AGEC70             0.103      0.033      3.101      0.002
    FEMALE             0.263      0.041      6.398      0.000

 S          ON
    AGEC70             0.206      0.095      2.165      0.030
    FEMALE             0.039      0.100      0.390      0.697

 FB       WITH
    S                  0.000      0.101      0.000      1.000

 Intercepts
    Y1                 1.358      0.000    999.000    999.000
    Y2                 1.240      0.008    150.954      0.000
    Y3                 1.384      0.010    145.024      0.000
    Y4                 1.561      0.014    114.171      0.000
    Y5                 1.421      0.012    117.583      0.000
    Y6                 1.854      0.017    107.373      0.000
    S                  0.184      0.074      2.481      0.013
    FB                -0.005      0.031     -0.147      0.883

 Residual Variances
    Y1                 0.000      0.000    999.000    999.000
    Y2                 0.000      0.000    999.000    999.000
    Y3                 0.000      0.000    999.000    999.000
    Y4                 0.000      0.000    999.000    999.000
    Y5                 0.000      0.000    999.000    999.000
    Y6                 0.000      0.000    999.000    999.000
    S                  0.177      0.296      0.598      0.550
    FB                 0.500      0.058      8.670      0.000


QUALITY OF NUMERICAL RESULTS

     Condition Number for the Information Matrix              0.369E-05
       (ratio of smallest to largest eigenvalue)


     Beginning Time:  12:55:15
        Ending Time:  12:55:16
       Elapsed Time:  00:00:01



MUTHEN & MUTHEN
3463 Stoner Ave.
Los Angeles, CA  90066

Tel: (310) 391-9971
Fax: (310) 391-8971
Web: www.StatModel.com
Support: Support@StatModel.com

Copyright (c) 1998-2024 Muthen & Muthen
