Mplus VERSION 8.11 (Mac)
MUTHEN & MUTHEN
05/03/2025  12:55 PM

INPUT INSTRUCTIONS

  TITLE:    LGCM CESD score
  DATA:     FILE = cesd.dat ;
  VARIABLE: NAMES = id female agec70 yz0 yz3 yz6;
            IDVARIABLE = id ;
            MISSING = . ;
  MODEL:    i s | yz0@0 yz3@0.3 yz6@0.6 ; ! 10 year units
            yz0-yz6 (e) ;
            i s on agec70 female ;



INPUT READING TERMINATED NORMALLY



LGCM CESD score

SUMMARY OF ANALYSIS

Number of groups                                                 1
Number of observations                                        2762

Number of dependent variables                                    3
Number of independent variables                                  2
Number of continuous latent variables                            2

Observed dependent variables

  Continuous
   YZ0         YZ3         YZ6

Observed independent variables
   FEMALE      AGEC70

Continuous latent variables
   I           S

Variables with special functions

  ID variable           ID

Estimator                                                       ML
Information matrix                                        OBSERVED
Maximum number of iterations                                  1000
Convergence criterion                                    0.500D-04
Maximum number of steepest descent iterations                   20
Maximum number of iterations for H1                           2000
Convergence criterion for H1                             0.100D-03

Input data file(s)
  cesd.dat

Input data format  FREE


SUMMARY OF DATA

     Number of missing data patterns             7


COVARIANCE COVERAGE OF DATA

Minimum covariance coverage value   0.100


     PROPORTION OF DATA PRESENT


           Covariance Coverage
              YZ0           YZ3           YZ6           FEMALE        AGEC70
              ________      ________      ________      ________      ________
 YZ0            0.988
 YZ3            0.719         0.730
 YZ6            0.507         0.491         0.515
 FEMALE         0.988         0.730         0.515         1.000
 AGEC70         0.988         0.730         0.515         1.000         1.000



UNIVARIATE SAMPLE STATISTICS


     UNIVARIATE HIGHER-ORDER MOMENT DESCRIPTIVE STATISTICS

         Variable/         Mean/     Skewness/   Minimum/ % with                Percentiles
        Sample Size      Variance    Kurtosis    Maximum  Min/Max      20%/60%    40%/80%    Median

     YZ0                   0.000       1.378      -0.908   29.62%      -0.908     -0.589     -0.377
            2728.000       1.000       1.699       3.867    0.51%      -0.112      0.684
     YZ3                   0.027       1.409      -0.908   27.00%      -0.908     -0.377     -0.271
            2015.000       1.029       1.768       3.867    0.50%      -0.112      0.684
     YZ6                   0.081       1.172      -0.908   27.78%      -0.908     -0.377     -0.112
            1422.000       1.053       0.910       3.867    0.21%       0.047      0.949
     FEMALE                0.584      -0.342       0.000   41.56%       0.000      0.000      1.000
            2762.000       0.243      -1.883       1.000   58.44%       1.000      1.000
     AGEC70                0.364       0.673      -0.300   34.65%      -0.300      0.200      0.200
            2762.000       0.419      -0.681       1.700    8.76%       0.200      1.200


THE MODEL ESTIMATION TERMINATED NORMALLY



MODEL FIT INFORMATION

Number of Free Parameters                       10

Loglikelihood

          H0 Value                       -8447.120
          H1 Value                       -8443.931

Information Criteria

          Akaike (AIC)                   16914.240
          Bayesian (BIC)                 16973.477
          Sample-Size Adjusted BIC       16941.704
            (n* = (n + 2) / 24)

Chi-Square Test of Model Fit

          Value                              6.378
          Degrees of Freedom                     5
          P-Value                           0.2711

RMSEA (Root Mean Square Error Of Approximation)

          Estimate                           0.010
          90 Percent C.I.                    0.000  0.030
          Probability RMSEA <= .05           1.000

CFI/TLI

          CFI                                0.998
          TLI                                0.997

Chi-Square Test of Model Fit for the Baseline Model

          Value                            736.587
          Degrees of Freedom                     9
          P-Value                           0.0000

SRMR (Standardized Root Mean Square Residual)

          Value                              0.013



MODEL RESULTS

                                                    Two-Tailed
                    Estimate       S.E.  Est./S.E.    P-Value

 I        |
    YZ0                1.000      0.000    999.000    999.000
    YZ3                1.000      0.000    999.000    999.000
    YZ6                1.000      0.000    999.000    999.000

 S        |
    YZ0                0.000      0.000    999.000    999.000
    YZ3                0.300      0.000    999.000    999.000
    YZ6                0.600      0.000    999.000    999.000

 I        ON
    AGEC70             0.113      0.029      3.961      0.000
    FEMALE             0.217      0.037      5.801      0.000

 S        ON
    AGEC70             0.158      0.078      2.027      0.043
    FEMALE            -0.013      0.094     -0.135      0.892

 S        WITH
    I                 -0.045      0.061     -0.741      0.458

 Intercepts
    YZ0                0.000      0.000    999.000    999.000
    YZ3                0.000      0.000    999.000    999.000
    YZ6                0.000      0.000    999.000    999.000
    I                 -0.177      0.030     -5.871      0.000
    S                  0.196      0.075      2.607      0.009

 Residual Variances
    YZ0                0.595      0.021     28.943      0.000
    YZ3                0.595      0.021     28.943      0.000
    YZ6                0.595      0.021     28.943      0.000
    I                  0.400      0.031     12.916      0.000
    S                  0.327      0.183      1.788      0.074


QUALITY OF NUMERICAL RESULTS

     Condition Number for the Information Matrix              0.416E-02
       (ratio of smallest to largest eigenvalue)


     Beginning Time:  12:55:14
        Ending Time:  12:55:14
       Elapsed Time:  00:00:00



MUTHEN & MUTHEN
3463 Stoner Ave.
Los Angeles, CA  90066

Tel: (310) 391-9971
Fax: (310) 391-8971
Web: www.StatModel.com
Support: Support@StatModel.com

Copyright (c) 1998-2024 Muthen & Muthen
