Mplus VERSION 8.11 (Mac)
MUTHEN & MUTHEN
05/03/2025   1:15 PM

INPUT INSTRUCTIONS

  TITLE:    Categorical item CFA of CESD at baseline
  DATA:     FILE = cesditems.dat ;
  VARIABLE: NAMES = sad blues depress happy enjoy hopeful;
            CATEGORICAL are all ;
            MISSING = . ;
  ANALYSIS: ESTIMATOR = MLR ; LINK = PROBIT ;
  MODEL:    f by sad@1.24328 blues-hopeful*;
            f*1;
  OUTPUT:   TECH1 ; !SVALUES ;



INPUT READING TERMINATED NORMALLY



Categorical item CFA of CESD at baseline

SUMMARY OF ANALYSIS

Number of groups                                                 1
Number of observations                                        2728

Number of dependent variables                                    6
Number of independent variables                                  0
Number of continuous latent variables                            1

Observed dependent variables

  Binary and ordered categorical (ordinal)
   SAD         BLUES       DEPRESS     HAPPY       ENJOY       HOPEFUL

Continuous latent variables
   F


Estimator                                                      MLR
Information matrix                                        OBSERVED
Optimization Specifications for the Quasi-Newton Algorithm for
Continuous Outcomes
  Maximum number of iterations                                 100
  Convergence criterion                                  0.100D-05
Optimization Specifications for the EM Algorithm
  Maximum number of iterations                                 500
  Convergence criteria
    Loglikelihood change                                 0.100D-02
    Relative loglikelihood change                        0.100D-05
    Derivative                                           0.100D-02
Optimization Specifications for the M step of the EM Algorithm for
Categorical Latent variables
  Number of M step iterations                                    1
  M step convergence criterion                           0.100D-02
  Basis for M step termination                           ITERATION
Optimization Specifications for the M step of the EM Algorithm for
Censored, Binary or Ordered Categorical (Ordinal), Unordered
Categorical (Nominal) and Count Outcomes
  Number of M step iterations                                    1
  M step convergence criterion                           0.100D-02
  Basis for M step termination                           ITERATION
  Maximum value for logit thresholds                            10
  Minimum value for logit thresholds                           -10
  Minimum expected cell size for chi-square              0.100D-01
Maximum number of iterations for H1                           2000
Convergence criterion for H1                             0.100D-03
Optimization algorithm                                         EMA
Integration Specifications
  Type                                                    STANDARD
  Number of integration points                                  15
  Dimensions of numerical integration                            1
  Adaptive quadrature                                           ON
Link                                                        PROBIT
Cholesky                                                        ON

Input data file(s)
  cesditems.dat
Input data format  FREE


SUMMARY OF DATA

     Number of missing data patterns            22
     Number of y missing data patterns           0
     Number of u missing data patterns          22


COVARIANCE COVERAGE OF DATA

Minimum covariance coverage value   0.100


     PROPORTION OF DATA PRESENT FOR U


           Covariance Coverage
              SAD           BLUES         DEPRESS       HAPPY         ENJOY
              ________      ________      ________      ________      ________
 SAD            0.993
 BLUES          0.987         0.993
 DEPRESS        0.991         0.989         0.996
 HAPPY          0.987         0.982         0.986         0.989
 ENJOY          0.986         0.981         0.986         0.981         0.988
 HOPEFUL        0.927         0.925         0.929         0.924         0.923


           Covariance Coverage
              HOPEFUL
              ________
 HOPEFUL        0.931


UNIVARIATE PROPORTIONS AND COUNTS FOR CATEGORICAL VARIABLES

    SAD
      Category 1    0.653         1768.000
      Category 2    0.274          743.000
      Category 3    0.035           96.000
      Category 4    0.038          102.000
    BLUES
      Category 1    0.774         2097.000
      Category 2    0.150          406.000
      Category 3    0.032           87.000
      Category 4    0.044          118.000
    DEPRESS
      Category 1    0.635         1726.000
      Category 2    0.267          725.000
      Category 3    0.037          101.000
      Category 4    0.060          164.000
    HAPPY
      Category 1    0.662         1786.000
      Category 2    0.100          270.000
      Category 3    0.163          440.000
      Category 4    0.075          201.000
    ENJOY
      Category 1    0.759         2045.000
      Category 2    0.075          202.000
      Category 3    0.107          289.000
      Category 4    0.059          158.000
    HOPEFUL
      Category 1    0.569         1444.000
      Category 2    0.069          175.000
      Category 3    0.158          402.000
      Category 4    0.204          518.000



THE MODEL ESTIMATION TERMINATED NORMALLY



MODEL FIT INFORMATION

Number of Free Parameters                       24

Loglikelihood

          H0 Value                      -12954.570
          H0 Scaling Correction Factor      1.0539
            for MLR

Information Criteria

          Akaike (AIC)                   25957.139
          Bayesian (BIC)                 26099.011
          Sample-Size Adjusted BIC       26022.756
            (n* = (n + 2) / 24)

Chi-Square Test of Model Fit for the Binary and Ordered Categorical
(Ordinal) Outcomes**

          Pearson Chi-Square

          Value                           5306.008
          Degrees of Freedom                  4050
          P-Value                           0.0000

          Likelihood Ratio Chi-Square

          Value                           2398.965
          Degrees of Freedom                  4050
          P-Value                           1.0000

** Of the 12328 cells in the frequency table, 21
   were deleted in the calculation of chi-square due to extreme values.

Chi-Square Test for MCAR under the Unrestricted Latent Class Indicator Model

          Pearson Chi-Square

          Value                           1154.010
          Degrees of Freedom                  8211
          P-Value                           1.0000

          Likelihood Ratio Chi-Square

          Value                            429.717
          Degrees of Freedom                  8211
          P-Value                           1.0000



MODEL RESULTS

                                                    Two-Tailed
                    Estimate       S.E.  Est./S.E.    P-Value

 F        BY
    SAD                1.243      0.000    999.000    999.000
    BLUES              1.348      0.100     13.413      0.000
    DEPRESS            1.553      0.109     14.295      0.000
    HAPPY              0.986      0.081     12.202      0.000
    ENJOY              0.991      0.084     11.758      0.000
    HOPEFUL            0.520      0.049     10.632      0.000

 Thresholds
    SAD$1              0.620      0.044     14.192      0.000
    SAD$2              2.304      0.082     28.056      0.000
    SAD$3              2.839      0.104     27.375      0.000
    BLUES$1            1.257      0.065     19.226      0.000
    BLUES$2            2.391      0.103     23.104      0.000
    BLUES$3            2.860      0.123     23.270      0.000
    DEPRESS$1          0.643      0.054     12.010      0.000
    DEPRESS$2          2.377      0.111     21.362      0.000
    DEPRESS$3          2.843      0.130     21.842      0.000
    HAPPY$1            0.577      0.038     15.185      0.000
    HAPPY$2            0.992      0.043     22.887      0.000
    HAPPY$3            2.019      0.069     29.205      0.000
    ENJOY$1            0.978      0.045     21.893      0.000
    ENJOY$2            1.352      0.051     26.363      0.000
    ENJOY$3            2.195      0.076     28.946      0.000
    HOPEFUL$1          0.198      0.028      6.996      0.000
    HOPEFUL$2          0.401      0.029     13.766      0.000
    HOPEFUL$3          0.933      0.034     27.296      0.000

 Variances
    F                  1.000      0.106      9.398      0.000


QUALITY OF NUMERICAL RESULTS

     Condition Number for the Information Matrix              0.312E-02
       (ratio of smallest to largest eigenvalue)


RESULTS IN PROBABILITY SCALE

                    Estimate

 SAD
    Category 1         0.651
    Category 2         0.274
    Category 3         0.037
    Category 4         0.038
 BLUES
    Category 1         0.773
    Category 2         0.150
    Category 3         0.033
    Category 4         0.044
 DEPRESS
    Category 1         0.636
    Category 2         0.265
    Category 3         0.037
    Category 4         0.062
 HAPPY
    Category 1         0.659
    Category 2         0.101
    Category 3         0.165
    Category 4         0.075
 ENJOY
    Category 1         0.756
    Category 2         0.075
    Category 3         0.109
    Category 4         0.060
 HOPEFUL
    Category 1         0.570
    Category 2         0.069
    Category 3         0.157
    Category 4         0.204


TECHNICAL 1 OUTPUT


     PARAMETER SPECIFICATION


           TAU
              SAD$1         SAD$2         SAD$3         BLUES$1       BLUES$2
              ________      ________      ________      ________      ________
                    7             8             9            10            11


           TAU
              BLUES$3       DEPRESS$      DEPRESS$      DEPRESS$      HAPPY$1
              ________      ________      ________      ________      ________
                   12            13            14            15            16


           TAU
              HAPPY$2       HAPPY$3       ENJOY$1       ENJOY$2       ENJOY$3
              ________      ________      ________      ________      ________
                   17            18            19            20            21


           TAU
              HOPEFUL$      HOPEFUL$      HOPEFUL$
              ________      ________      ________
                   22            23            24


           NU
              SAD           BLUES         DEPRESS       HAPPY         ENJOY
              ________      ________      ________      ________      ________
                    0             0             0             0             0


           NU
              HOPEFUL
              ________
                    0


           LAMBDA
              F
              ________
 SAD                0
 BLUES              1
 DEPRESS            2
 HAPPY              3
 ENJOY              4
 HOPEFUL            5


           THETA
              SAD           BLUES         DEPRESS       HAPPY         ENJOY
              ________      ________      ________      ________      ________
 SAD                0
 BLUES              0             0
 DEPRESS            0             0             0
 HAPPY              0             0             0             0
 ENJOY              0             0             0             0             0
 HOPEFUL            0             0             0             0             0


           THETA
              HOPEFUL
              ________
 HOPEFUL            0


           ALPHA
              F
              ________
                    0


           BETA
              F
              ________
 F                  0


           PSI
              F
              ________
 F                  6


     STARTING VALUES


           TAU
              SAD$1         SAD$2         SAD$3         BLUES$1       BLUES$2
              ________      ________      ________      ________      ________
                0.350         1.411         1.801         0.685         1.390


           TAU
              BLUES$3       DEPRESS$      DEPRESS$      DEPRESS$      HAPPY$1
              ________      ________      ________      ________      ________
                1.716         0.309         1.236         1.525         0.374


           TAU
              HAPPY$2       HAPPY$3       ENJOY$1       ENJOY$2       ENJOY$3
              ________      ________      ________      ________      ________
                0.647         1.400         0.638         0.897         1.542


           TAU
              HOPEFUL$      HOPEFUL$      HOPEFUL$
              ________      ________      ________
                0.154         0.314         0.756


           NU
              SAD           BLUES         DEPRESS       HAPPY         ENJOY
              ________      ________      ________      ________      ________
                0.000         0.000         0.000         0.000         0.000


           NU
              HOPEFUL
              ________
                0.000


           LAMBDA
              F
              ________
 SAD            1.243
 BLUES          1.000
 DEPRESS        1.000
 HAPPY          1.000
 ENJOY          1.000
 HOPEFUL        1.000


           THETA
              SAD           BLUES         DEPRESS       HAPPY         ENJOY
              ________      ________      ________      ________      ________
 SAD            1.000
 BLUES          0.000         1.000
 DEPRESS        0.000         0.000         1.000
 HAPPY          0.000         0.000         0.000         1.000
 ENJOY          0.000         0.000         0.000         0.000         1.000
 HOPEFUL        0.000         0.000         0.000         0.000         0.000


           THETA
              HOPEFUL
              ________
 HOPEFUL        1.000


           ALPHA
              F
              ________
                0.000


           BETA
              F
              ________
 F              0.000


           PSI
              F
              ________
 F              1.000


     Beginning Time:  13:15:24
        Ending Time:  13:15:24
       Elapsed Time:  00:00:00



MUTHEN & MUTHEN
3463 Stoner Ave.
Los Angeles, CA  90066

Tel: (310) 391-9971
Fax: (310) 391-8971
Web: www.StatModel.com
Support: Support@StatModel.com

Copyright (c) 1998-2024 Muthen & Muthen
