Mplus VERSION 8.11 (Mac)
MUTHEN & MUTHEN
05/03/2025   1:15 PM

INPUT INSTRUCTIONS

  TITLE:    Continuous item CFA of CESD at baseline
  DATA:     FILE = cesditems.dat ;
  VARIABLE: NAMES = sad blues depress happy enjoy hopeful;
            MISSING = . ;
  MODEL:    f by sad@1 blues-hopeful*;
  OUTPUT:   STDYX  ;



INPUT READING TERMINATED NORMALLY



Continuous item CFA of CESD at baseline

SUMMARY OF ANALYSIS

Number of groups                                                 1
Number of observations                                        2728

Number of dependent variables                                    6
Number of independent variables                                  0
Number of continuous latent variables                            1

Observed dependent variables

  Continuous
   SAD         BLUES       DEPRESS     HAPPY       ENJOY       HOPEFUL

Continuous latent variables
   F


Estimator                                                       ML
Information matrix                                        OBSERVED
Maximum number of iterations                                  1000
Convergence criterion                                    0.500D-04
Maximum number of steepest descent iterations                   20
Maximum number of iterations for H1                           2000
Convergence criterion for H1                             0.100D-03

Input data file(s)
  cesditems.dat

Input data format  FREE


SUMMARY OF DATA

     Number of missing data patterns            22


COVARIANCE COVERAGE OF DATA

Minimum covariance coverage value   0.100


     PROPORTION OF DATA PRESENT


           Covariance Coverage
              SAD           BLUES         DEPRESS       HAPPY         ENJOY
              ________      ________      ________      ________      ________
 SAD            0.993
 BLUES          0.987         0.993
 DEPRESS        0.991         0.989         0.996
 HAPPY          0.987         0.982         0.986         0.989
 ENJOY          0.986         0.981         0.986         0.981         0.988
 HOPEFUL        0.927         0.925         0.929         0.924         0.923


           Covariance Coverage
              HOPEFUL
              ________
 HOPEFUL        0.931



UNIVARIATE SAMPLE STATISTICS


     UNIVARIATE HIGHER-ORDER MOMENT DESCRIPTIVE STATISTICS

         Variable/         Mean/     Skewness/   Minimum/ % with                Percentiles
        Sample Size      Variance    Kurtosis    Maximum  Min/Max      20%/60%    40%/80%    Median

     SAD                   1.458       1.812       1.000   65.26%       1.000      1.000      1.000
            2709.000       0.545       3.142       4.000    3.77%       1.000      2.000
     BLUES                 1.345       2.371       1.000   77.44%       1.000      1.000      1.000
            2708.000       0.552       5.035       4.000    4.36%       1.000      2.000
     DEPRESS               1.522       1.718       1.000   63.55%       1.000      1.000      1.000
            2716.000       0.686       2.339       4.000    6.04%       1.000      2.000
     HAPPY                 1.650       1.189       1.000   66.22%       1.000      1.000      1.000
            2697.000       1.001      -0.071       4.000    7.45%       1.000      3.000
     ENJOY                 1.465       1.735       1.000   75.91%       1.000      1.000      1.000
            2694.000       0.815       1.599       4.000    5.86%       1.000      2.000
     HOPEFUL               1.998       0.643       1.000   56.87%       1.000      1.000      1.000
            2539.000       1.543      -1.319       4.000   20.40%       2.000      4.000


THE MODEL ESTIMATION TERMINATED NORMALLY



MODEL FIT INFORMATION

Number of Free Parameters                       18

Loglikelihood

          H0 Value                      -18965.770
          H1 Value                      -18716.876

Information Criteria

          Akaike (AIC)                   37967.540
          Bayesian (BIC)                 38073.943
          Sample-Size Adjusted BIC       38016.752
            (n* = (n + 2) / 24)

Chi-Square Test of Model Fit

          Value                            497.788
          Degrees of Freedom                     9
          P-Value                           0.0000

RMSEA (Root Mean Square Error Of Approximation)

          Estimate                           0.141
          90 Percent C.I.                    0.131  0.152
          Probability RMSEA <= .05           0.000

CFI/TLI

          CFI                                0.889
          TLI                                0.815

Chi-Square Test of Model Fit for the Baseline Model

          Value                           4426.916
          Degrees of Freedom                    15
          P-Value                           0.0000

SRMR (Standardized Root Mean Square Residual)

          Value                              0.057



MODEL RESULTS

                                                    Two-Tailed
                    Estimate       S.E.  Est./S.E.    P-Value

 F        BY
    SAD                1.000      0.000    999.000    999.000
    BLUES              0.997      0.033     29.901      0.000
    DEPRESS            1.227      0.038     32.138      0.000
    HAPPY              1.193      0.046     25.777      0.000
    ENJOY              1.030      0.042     24.760      0.000
    HOPEFUL            0.882      0.055     15.941      0.000

 Intercepts
    SAD                1.460      0.014    102.922      0.000
    BLUES              1.346      0.014     94.356      0.000
    DEPRESS            1.523      0.016     95.907      0.000
    HAPPY              1.652      0.019     85.810      0.000
    ENJOY              1.468      0.017     84.452      0.000
    HOPEFUL            1.999      0.025     81.399      0.000

 Variances
    F                  0.261      0.014     18.521      0.000

 Residual Variances
    SAD                0.285      0.010     28.804      0.000
    BLUES              0.293      0.010     28.673      0.000
    DEPRESS            0.292      0.012     24.470      0.000
    HAPPY              0.631      0.021     30.492      0.000
    ENJOY              0.540      0.017     31.173      0.000
    HOPEFUL            1.339      0.039     34.265      0.000


QUALITY OF NUMERICAL RESULTS

     Condition Number for the Information Matrix              0.143E-01
       (ratio of smallest to largest eigenvalue)


STANDARDIZED MODEL RESULTS


STDYX Standardization

                                                    Two-Tailed
                    Estimate       S.E.  Est./S.E.    P-Value

 F        BY
    SAD                0.692      0.013     53.469      0.000
    BLUES              0.686      0.013     51.723      0.000
    DEPRESS            0.758      0.012     63.900      0.000
    HAPPY              0.609      0.015     39.597      0.000
    ENJOY              0.582      0.016     36.453      0.000
    HOPEFUL            0.363      0.020     18.495      0.000

 Intercepts
    SAD                1.975      0.033     59.894      0.000
    BLUES              1.811      0.031     58.050      0.000
    DEPRESS            1.839      0.031     58.473      0.000
    HAPPY              1.650      0.030     55.831      0.000
    ENJOY              1.625      0.029     55.461      0.000
    HOPEFUL            1.610      0.030     53.678      0.000

 Variances
    F                  1.000      0.000    999.000    999.000

 Residual Variances
    SAD                0.522      0.018     29.143      0.000
    BLUES              0.530      0.018     29.161      0.000
    DEPRESS            0.426      0.018     23.718      0.000
    HAPPY              0.629      0.019     33.555      0.000
    ENJOY              0.661      0.019     35.504      0.000
    HOPEFUL            0.868      0.014     60.954      0.000


R-SQUARE

    Observed                                        Two-Tailed
    Variable        Estimate       S.E.  Est./S.E.    P-Value

    SAD                0.478      0.018     26.735      0.000
    BLUES              0.470      0.018     25.861      0.000
    DEPRESS            0.574      0.018     31.950      0.000
    HAPPY              0.371      0.019     19.798      0.000
    ENJOY              0.339      0.019     18.227      0.000
    HOPEFUL            0.132      0.014      9.248      0.000


     Beginning Time:  13:15:24
        Ending Time:  13:15:24
       Elapsed Time:  00:00:00



MUTHEN & MUTHEN
3463 Stoner Ave.
Los Angeles, CA  90066

Tel: (310) 391-9971
Fax: (310) 391-8971
Web: www.StatModel.com
Support: Support@StatModel.com

Copyright (c) 1998-2024 Muthen & Muthen
